[www.importili.tn/index.html]
[backblue.gif]
[fade.gif]
[index.html]
[www.importili.tn/accueil/img/favicon.png]
[www.importili.tn/accueil/vendor/bootstrap/css/bootstrap.min.css]
[www.importili.tn/accueil/vendor/fontawesome-free/css/all.min.css]
[www.importili.tn/accueil/vendor/animate/animate.compat.css]
[www.importili.tn/accueil/vendor/simple-line-icons/css/simple-line-icons.min.css]
[www.importili.tn/accueil/vendor/owl.carousel/assets/owl.carousel.min.css]
[www.importili.tn/accueil/vendor/owl.carousel/assets/owl.theme.default.min.css]
[www.importili.tn/accueil/vendor/magnific-popup/magnific-popup.min.css]
[www.importili.tn/accueil/css/theme.css]
[www.importili.tn/accueil/css/theme-elements.css]
[www.importili.tn/accueil/css/theme-blog.css]
[www.importili.tn/accueil/css/theme-shop.css]
[www.importili.tn/vendors/js/extensions/sweetalert2.all.min.js]
[www.importili.tn/sweetalert2.min.d.delayed]
[www.importili.tn/app-assets/css/plugins/extensions/ext-component-sweet-alerts.e.delayed]
[www.importili.tn/accueil/css/demos/demo-cleaning-services.css]
[www.importili.tn/accueil/css/skins/skin-cleaning-services.css]
[www.importili.tn/accueil/stickyB.css]
[www.importili.tn/accueil/vendor/modernizr/modernizr.min.js]
[www.importili.tn/accueil/img/demos/cleaning-services/importily.png]
[www.importili.tn/login.html]
[www.importili.tn/accueil/img/demos/cleaning-services/icons/phone.svg]
[www.importili.tn/accueil/img/demos/Importili alibaba and aliexpress.png]
[www.importili.tn/accueil/img/demos/Importili alibaba and aliexpresse.png]
[www.importili.tn/accueil/img/demos/Importili Analyze Product.png]
[www.importili.tn/accueil/img/demos/Importili Quality Control.png]
[www.importili.tn/accueil/img/demos/Importili Worldwide Transport.png]
[www.importili.tn/accueil/img/demos/Importili Delivery.png]
[www.importili.tn/accueil/img/demos/Importili Budget.png]
[www.importili.tn/accueil/img/demos/Importili Call Center.png]
[www.importili.tn/accueil/img/demos/Importili Export.png]
[www.importili.tn/accueil/img/demos/Importili Quantity.png]
[connect.facebook.net/fr_FR/sdk.js]
[www.importili.tn/accueil/img/demos/Transport vers la Tunisie.png]
[www.importili.tn/accueil/img/demos/Transport vers la Tunisie (3).png]
[www.importili.tn/accueil/img/demos/Transport vers la Tunisie (2).png]
[www.importili.tn/accueil/img/demos/Transport vers la Tunisie (1).png]
[www.importili.tn/accueil/img/minus.png]
[www.importili.tn/accueil/tel_+21629297535.27.delayed]
[www.importili.tn/accueil/img/instagram.png]
[www.importili.tn/accueil/img/twitter.png]
[www.importili.tn/accueil/img/facebook.png]
[www.importili.tn/accueil/img/mail.png]
[www.importili.tn/accueil/vendor/jquery/jquery.min.js]
[www.importili.tn/accueil/vendor/jquery.appear/jquery.appear.min.js]
[www.importili.tn/accueil/vendor/jquery.easing/jquery.easing.min.js]
[www.importili.tn/accueil/vendor/jquery.cookie/jquery.cookie.min.js]
[www.importili.tn/accueil/vendor/bootstrap/js/bootstrap.bundle.min.js]
[www.importili.tn/accueil/vendor/jquery.validation/jquery.validate.min.js]
[www.importili.tn/accueil/vendor/jquery.easy-pie-chart/jquery.easypiechart.min.js]
[www.importili.tn/accueil/vendor/jquery.gmap/jquery.gmap.min.js]
[www.importili.tn/accueil/vendor/lazysizes/lazysizes.min.js]
[www.importili.tn/accueil/vendor/isotope/jquery.isotope.min.js]
[www.importili.tn/accueil/vendor/owl.carousel/owl.carousel.min.js]
[www.importili.tn/accueil/vendor/magnific-popup/jquery.magnific-popup.min.js]
[www.importili.tn/accueil/vendor/vide/jquery.vide.min.js]
[www.importili.tn/accueil/vendor/vivus/vivus.min.js]
[www.importili.tn/accueil/js/theme.js]
[www.importili.tn/accueil/js/views/view.contact.js]
[www.importili.tn/accueil/js/demos/demo-cleaning-services.js]
[www.importili.tn/accueil/js/theme.init.js]
[www.importili.tn/accueil/js/scripts.js]
[www.importili.tn/index.html]
[www.importili.tn/accueil/vendor/bootstrap/css/bootstrap.min.css]
[www.importili.tn/accueil/vendor/fontawesome-free/css/all.min.css]
[www.importili.tn/accueil/vendor/animate/animate.compat.css]
[www.importili.tn/accueil/vendor/simple-line-icons/css/simple-line-icons.min.css]
[lf16-tiktok-web.ttwstatic.com/obj/tiktok-web-us/tiktok/falcon/embed/embed_v1.0.11.js]
[www.importili.tn/accueil/vendor/owl.carousel/assets/owl.video.play.png]
[www.importili.tn/accueil/vendor/owl.carousel/assets/owl.carousel.min.css]
[www.importili.tn/accueil/vendor/owl.carousel/assets/owl.theme.default.min.css]
[www.importili.tn/accueil/vendor/magnific-popup/magnific-popup.min.css]
[www.importili.tn/accueil/css/theme.css]
[importili.tn/accueil/img/patterns/worn_dots.43.delayed]
[www.importili.tn/accueil/css/theme-elements.css]
[www.importili.tn/accueil/css/theme-blog.css]
[www.importili.tn/accueil/css/theme-shop.css]
[www.importili.tn/sweetalert2.min.html]
[www.importili.tn/app-assets/css/plugins/extensions/ext-component-sweet-alerts.html]
[www.importili.tn/accueil/css/demos/demo-cleaning-services.css]
[www.importili.tn/accueil/css/skins/skin-cleaning-services.css]
[www.importili.tn/accueil/css/custom.css]
[www.importili.tn/accueil/stickyB.css]
[www.importili.tn/images/logo/icone.png]
[www.importili.tn/vendors/css/vendors.min.css]
[www.importili.tn/css/core.css]
[www.importili.tn/css/base/themes/dark-layout.css]
[www.importili.tn/css/base/themes/bordered-layout.css]
[www.importili.tn/css/base/themes/semi-dark-layout.css]
[www.importili.tn/css/base/core/menu/menu-types/vertical-menu.css]
[www.importili.tn/css/base/pages/authentication.css]
[www.importili.tn/css/style.css]
[www.importili.tn/forgot-password.html]
[www.importili.tn/vendors/js/ui/jquery.sticky.js]
[www.importili.tn/vendors/js/vendors.min.js]
[www.importili.tn/js/core/app-menu.js]
[www.importili.tn/js/core/app.js]
[www.importili.tn/js/core/scripts.js]
[www.importili.tn/js/scripts/customizer.js]
[www.importili.tn/livewire/livewire6b46.js]
[www.importili.tn/login.html]
[www.importili.tn/accueil/img/demos/cleaning-services/icons/phone.svg]
[connect.facebook.net/fr_FR/sdk.js]
[www.importili.tn/accueil/tel_+21629297535.html]
[www.importili.tn/accueil/js/custom.js]
[importili.tn/accueil/img/patterns/worn_dots.html]
[www.importili.tn/vendors/js/alpinejs/alpine.js]
[www.importili.tn/fonts/flag-icon-css/flags/4x3/ad.svg]
[www.importili.tn/fonts/flag-icon-css/flags/1x1/ad.svg]
[www.importili.tn/fonts/flag-icon-css/flags/4x3/ae.svg]
[www.importili.tn/fonts/flag-icon-css/flags/1x1/ae.svg]
[www.importili.tn/fonts/flag-icon-css/flags/4x3/af.svg]
[www.importili.tn/fonts/flag-icon-css/flags/1x1/af.svg]
[www.importili.tn/fonts/flag-icon-css/flags/4x3/ag.svg]
[www.importili.tn/fonts/flag-icon-css/flags/1x1/ag.svg]
[www.importili.tn/fonts/flag-icon-css/flags/4x3/ai.svg]
[www.importili.tn/fonts/flag-icon-css/flags/1x1/ai.svg]
[www.importili.tn/fonts/flag-icon-css/flags/4x3/al.svg]
[www.importili.tn/fonts/flag-icon-css/flags/1x1/al.svg]
[www.importili.tn/fonts/flag-icon-css/flags/4x3/am.svg]
[www.importili.tn/fonts/flag-icon-css/flags/1x1/am.svg]
[www.importili.tn/fonts/flag-icon-css/flags/4x3/ao.svg]
[www.importili.tn/fonts/flag-icon-css/flags/1x1/ao.svg]
[www.importili.tn/fonts/flag-icon-css/flags/4x3/aq.svg]
[www.importili.tn/fonts/flag-icon-css/flags/1x1/aq.svg]
[www.importili.tn/fonts/flag-icon-css/flags/4x3/ar.svg]
[www.importili.tn/fonts/flag-icon-css/flags/1x1/ar.svg]
[www.importili.tn/fonts/flag-icon-css/flags/4x3/as.svg]
[www.importili.tn/fonts/flag-icon-css/flags/1x1/as.svg]
[www.importili.tn/fonts/flag-icon-css/flags/4x3/at.svg]
[www.importili.tn/fonts/flag-icon-css/flags/1x1/at.svg]
[www.importili.tn/fonts/flag-icon-css/flags/4x3/au.svg]
[www.importili.tn/fonts/flag-icon-css/flags/1x1/au.svg]
[www.importili.tn/fonts/flag-icon-css/flags/4x3/aw.svg]
[www.importili.tn/fonts/flag-icon-css/flags/1x1/aw.svg]
[www.importili.tn/fonts/flag-icon-css/flags/4x3/ax.svg]
[www.importili.tn/fonts/flag-icon-css/flags/1x1/ax.svg]
[www.importili.tn/fonts/flag-icon-css/flags/4x3/az.svg]
[www.importili.tn/fonts/flag-icon-css/flags/1x1/az.svg]
[www.importili.tn/fonts/flag-icon-css/flags/4x3/ba.svg]
[www.importili.tn/fonts/flag-icon-css/flags/1x1/ba.svg]
[www.importili.tn/fonts/flag-icon-css/flags/4x3/bb.svg]
[www.importili.tn/fonts/flag-icon-css/flags/1x1/bb.svg]
[www.importili.tn/fonts/flag-icon-css/flags/4x3/bd.svg]
[www.importili.tn/fonts/flag-icon-css/flags/1x1/bd.svg]
[www.importili.tn/fonts/flag-icon-css/flags/4x3/be.svg]
[www.importili.tn/fonts/flag-icon-css/flags/1x1/be.svg]
[www.importili.tn/fonts/flag-icon-css/flags/4x3/bf.svg]
[www.importili.tn/fonts/flag-icon-css/flags/1x1/bf.svg]
[www.importili.tn/fonts/flag-icon-css/flags/4x3/bg.svg]
[www.importili.tn/fonts/flag-icon-css/flags/1x1/bg.svg]
[www.importili.tn/fonts/flag-icon-css/flags/4x3/bh.svg]
[www.importili.tn/fonts/flag-icon-css/flags/1x1/bh.svg]
[www.importili.tn/fonts/flag-icon-css/flags/4x3/bi.svg]
[www.importili.tn/fonts/flag-icon-css/flags/1x1/bi.svg]
[www.importili.tn/fonts/flag-icon-css/flags/4x3/bj.svg]
[www.importili.tn/fonts/flag-icon-css/flags/1x1/bj.svg]
[www.importili.tn/fonts/flag-icon-css/flags/4x3/bl.svg]
[www.importili.tn/fonts/flag-icon-css/flags/1x1/bl.svg]
[www.importili.tn/fonts/flag-icon-css/flags/4x3/bm.svg]
[www.importili.tn/fonts/flag-icon-css/flags/1x1/bm.svg]
[www.importili.tn/fonts/flag-icon-css/flags/4x3/bn.svg]
[www.importili.tn/fonts/flag-icon-css/flags/1x1/bn.svg]
[www.importili.tn/fonts/flag-icon-css/flags/4x3/bo.svg]
[www.importili.tn/fonts/flag-icon-css/flags/1x1/bo.svg]
[www.importili.tn/fonts/flag-icon-css/flags/4x3/bq.svg]
[www.importili.tn/fonts/flag-icon-css/flags/1x1/bq.svg]
[www.importili.tn/fonts/flag-icon-css/flags/4x3/br.svg]
[www.importili.tn/fonts/flag-icon-css/flags/1x1/br.svg]
[www.importili.tn/fonts/flag-icon-css/flags/4x3/bs.svg]
[www.importili.tn/fonts/flag-icon-css/flags/1x1/bs.svg]
[www.importili.tn/fonts/flag-icon-css/flags/4x3/bt.svg]
[www.importili.tn/fonts/flag-icon-css/flags/1x1/bt.svg]
[www.importili.tn/fonts/flag-icon-css/flags/4x3/bv.svg]
[www.importili.tn/fonts/flag-icon-css/flags/1x1/bv.svg]
[www.importili.tn/fonts/flag-icon-css/flags/4x3/bw.svg]
[www.importili.tn/fonts/flag-icon-css/flags/1x1/bw.svg]
[www.importili.tn/fonts/flag-icon-css/flags/4x3/by.svg]
[www.importili.tn/fonts/flag-icon-css/flags/1x1/by.svg]
[www.importili.tn/fonts/flag-icon-css/flags/4x3/bz.svg]
[www.importili.tn/fonts/flag-icon-css/flags/1x1/bz.svg]
[www.importili.tn/fonts/flag-icon-css/flags/4x3/ca.svg]
[www.importili.tn/fonts/flag-icon-css/flags/1x1/ca.svg]
[www.importili.tn/fonts/flag-icon-css/flags/4x3/cc.svg]
[www.importili.tn/fonts/flag-icon-css/flags/1x1/cc.svg]
[www.importili.tn/fonts/flag-icon-css/flags/4x3/cd.svg]
[www.importili.tn/fonts/flag-icon-css/flags/1x1/cd.svg]
[www.importili.tn/fonts/flag-icon-css/flags/4x3/cf.svg]
[www.importili.tn/fonts/flag-icon-css/flags/1x1/cf.svg]
[www.importili.tn/fonts/flag-icon-css/flags/4x3/cg.svg]
[www.importili.tn/fonts/flag-icon-css/flags/1x1/cg.svg]
[www.importili.tn/fonts/flag-icon-css/flags/4x3/ch.svg]
[www.importili.tn/fonts/flag-icon-css/flags/1x1/ch.svg]
[www.importili.tn/fonts/flag-icon-css/flags/4x3/ci.svg]
[www.importili.tn/fonts/flag-icon-css/flags/1x1/ci.svg]
[www.importili.tn/fonts/flag-icon-css/flags/4x3/ck.svg]
[www.importili.tn/fonts/flag-icon-css/flags/1x1/ck.svg]
[www.importili.tn/fonts/flag-icon-css/flags/4x3/cl.svg]
[www.importili.tn/fonts/flag-icon-css/flags/1x1/cl.svg]
[www.importili.tn/fonts/flag-icon-css/flags/4x3/cm.svg]
[www.importili.tn/fonts/flag-icon-css/flags/1x1/cm.svg]
[www.importili.tn/fonts/flag-icon-css/flags/4x3/cn.svg]
[www.importili.tn/fonts/flag-icon-css/flags/1x1/cn.svg]
[www.importili.tn/fonts/flag-icon-css/flags/4x3/co.svg]
[www.importili.tn/fonts/flag-icon-css/flags/1x1/co.svg]
[www.importili.tn/fonts/flag-icon-css/flags/4x3/cr.svg]
[www.importili.tn/fonts/flag-icon-css/flags/1x1/cr.svg]
[www.importili.tn/fonts/flag-icon-css/flags/4x3/cu.svg]
[www.importili.tn/fonts/flag-icon-css/flags/1x1/cu.svg]
[www.importili.tn/fonts/flag-icon-css/flags/4x3/cv.svg]
[www.importili.tn/fonts/flag-icon-css/flags/1x1/cv.svg]
[www.importili.tn/fonts/flag-icon-css/flags/4x3/cw.svg]
[www.importili.tn/fonts/flag-icon-css/flags/1x1/cw.svg]
[www.importili.tn/fonts/flag-icon-css/flags/4x3/cx.svg]
[www.importili.tn/fonts/flag-icon-css/flags/1x1/cx.svg]
[www.importili.tn/fonts/flag-icon-css/flags/4x3/cy.svg]
[www.importili.tn/fonts/flag-icon-css/flags/1x1/cy.svg]
[www.importili.tn/fonts/flag-icon-css/flags/4x3/cz.svg]
[www.importili.tn/fonts/flag-icon-css/flags/1x1/cz.svg]
[www.importili.tn/fonts/flag-icon-css/flags/4x3/de.svg]
[www.importili.tn/fonts/flag-icon-css/flags/1x1/de.svg]
[www.importili.tn/fonts/flag-icon-css/flags/4x3/dj.svg]
[www.importili.tn/fonts/flag-icon-css/flags/1x1/dj.svg]
[www.importili.tn/fonts/flag-icon-css/flags/4x3/dk.svg]
[www.importili.tn/fonts/flag-icon-css/flags/1x1/dk.svg]
[www.importili.tn/fonts/flag-icon-css/flags/4x3/dm.svg]
[www.importili.tn/fonts/flag-icon-css/flags/1x1/dm.svg]
[www.importili.tn/fonts/flag-icon-css/flags/4x3/do.svg]
[www.importili.tn/fonts/flag-icon-css/flags/1x1/do.svg]
[www.importili.tn/fonts/flag-icon-css/flags/4x3/dz.svg]
[www.importili.tn/fonts/flag-icon-css/flags/1x1/dz.svg]
[www.importili.tn/fonts/flag-icon-css/flags/4x3/ec.svg]
[www.importili.tn/fonts/flag-icon-css/flags/1x1/ec.svg]
[www.importili.tn/fonts/flag-icon-css/flags/4x3/ee.svg]
[www.importili.tn/fonts/flag-icon-css/flags/1x1/ee.svg]
[www.importili.tn/fonts/flag-icon-css/flags/4x3/eg.svg]
[www.importili.tn/fonts/flag-icon-css/flags/1x1/eg.svg]
[www.importili.tn/fonts/flag-icon-css/flags/4x3/eh.svg]
[www.importili.tn/fonts/flag-icon-css/flags/1x1/eh.svg]
[www.importili.tn/fonts/flag-icon-css/flags/4x3/er.svg]
[www.importili.tn/fonts/flag-icon-css/flags/1x1/er.svg]
[www.importili.tn/fonts/flag-icon-css/flags/4x3/es.svg]
[www.importili.tn/fonts/flag-icon-css/flags/1x1/es.svg]
[www.importili.tn/fonts/flag-icon-css/flags/4x3/et.svg]
[www.importili.tn/fonts/flag-icon-css/flags/1x1/et.svg]
[www.importili.tn/fonts/flag-icon-css/flags/4x3/fi.svg]
[www.importili.tn/fonts/flag-icon-css/flags/1x1/fi.svg]
[www.importili.tn/fonts/flag-icon-css/flags/4x3/fj.svg]
[www.importili.tn/fonts/flag-icon-css/flags/1x1/fj.svg]
[www.importili.tn/fonts/flag-icon-css/flags/4x3/fk.svg]
[www.importili.tn/fonts/flag-icon-css/flags/1x1/fk.svg]
[www.importili.tn/fonts/flag-icon-css/flags/4x3/fm.svg]
[www.importili.tn/fonts/flag-icon-css/flags/1x1/fm.svg]
[www.importili.tn/fonts/flag-icon-css/flags/4x3/fo.svg]
[www.importili.tn/fonts/flag-icon-css/flags/1x1/fo.svg]
[www.importili.tn/fonts/flag-icon-css/flags/4x3/fr.svg]
[www.importili.tn/fonts/flag-icon-css/flags/1x1/fr.svg]
[www.importili.tn/fonts/flag-icon-css/flags/4x3/ga.svg]
[www.importili.tn/fonts/flag-icon-css/flags/1x1/ga.svg]
[www.importili.tn/fonts/flag-icon-css/flags/4x3/gb.svg]
[www.importili.tn/fonts/flag-icon-css/flags/1x1/gb.svg]
[www.importili.tn/fonts/flag-icon-css/flags/4x3/gd.svg]
[www.importili.tn/fonts/flag-icon-css/flags/1x1/gd.svg]
[www.importili.tn/fonts/flag-icon-css/flags/4x3/ge.svg]
[www.importili.tn/fonts/flag-icon-css/flags/1x1/ge.svg]
[www.importili.tn/fonts/flag-icon-css/flags/4x3/gf.svg]
[www.importili.tn/fonts/flag-icon-css/flags/1x1/gf.svg]
[www.importili.tn/fonts/flag-icon-css/flags/4x3/gg.svg]
[www.importili.tn/fonts/flag-icon-css/flags/1x1/gg.svg]
[www.importili.tn/fonts/flag-icon-css/flags/4x3/gh.svg]
[www.importili.tn/fonts/flag-icon-css/flags/1x1/gh.svg]
[www.importili.tn/fonts/flag-icon-css/flags/4x3/gi.svg]
[www.importili.tn/fonts/flag-icon-css/flags/1x1/gi.svg]
[www.importili.tn/fonts/flag-icon-css/flags/4x3/gl.svg]
[www.importili.tn/fonts/flag-icon-css/flags/1x1/gl.svg]
[www.importili.tn/fonts/flag-icon-css/flags/4x3/gm.svg]
[www.importili.tn/fonts/flag-icon-css/flags/1x1/gm.svg]
[www.importili.tn/fonts/flag-icon-css/flags/4x3/gn.svg]
[www.importili.tn/fonts/flag-icon-css/flags/1x1/gn.svg]
[www.importili.tn/fonts/flag-icon-css/flags/4x3/gp.svg]
[www.importili.tn/fonts/flag-icon-css/flags/1x1/gp.svg]
[www.importili.tn/fonts/flag-icon-css/flags/4x3/gq.svg]
[www.importili.tn/fonts/flag-icon-css/flags/1x1/gq.svg]
[www.importili.tn/fonts/flag-icon-css/flags/4x3/gr.svg]
[www.importili.tn/fonts/flag-icon-css/flags/1x1/gr.svg]
[www.importili.tn/fonts/flag-icon-css/flags/4x3/gs.svg]
[www.importili.tn/fonts/flag-icon-css/flags/1x1/gs.svg]
[www.importili.tn/fonts/flag-icon-css/flags/4x3/gt.svg]
[www.importili.tn/fonts/flag-icon-css/flags/1x1/gt.svg]
[www.importili.tn/fonts/flag-icon-css/flags/4x3/gu.svg]
[www.importili.tn/fonts/flag-icon-css/flags/1x1/gu.svg]
[www.importili.tn/fonts/flag-icon-css/flags/4x3/gw.svg]
[www.importili.tn/fonts/flag-icon-css/flags/1x1/gw.svg]
[www.importili.tn/fonts/flag-icon-css/flags/4x3/gy.svg]
[www.importili.tn/fonts/flag-icon-css/flags/1x1/gy.svg]
[www.importili.tn/fonts/flag-icon-css/flags/4x3/hk.svg]
[www.importili.tn/fonts/flag-icon-css/flags/1x1/hk.svg]
[www.importili.tn/fonts/flag-icon-css/flags/4x3/hm.svg]
[www.importili.tn/fonts/flag-icon-css/flags/1x1/hm.svg]
[www.importili.tn/fonts/flag-icon-css/flags/4x3/hn.svg]
[www.importili.tn/fonts/flag-icon-css/flags/1x1/hn.svg]
[www.importili.tn/fonts/flag-icon-css/flags/4x3/hr.svg]
[www.importili.tn/fonts/flag-icon-css/flags/1x1/hr.svg]
[www.importili.tn/fonts/flag-icon-css/flags/4x3/ht.svg]
[www.importili.tn/fonts/flag-icon-css/flags/1x1/ht.svg]
[www.importili.tn/fonts/flag-icon-css/flags/4x3/hu.svg]
[www.importili.tn/fonts/flag-icon-css/flags/1x1/hu.svg]
[www.importili.tn/fonts/flag-icon-css/flags/4x3/id.svg]
[www.importili.tn/fonts/flag-icon-css/flags/1x1/id.svg]
[www.importili.tn/fonts/flag-icon-css/flags/4x3/ie.svg]
[www.importili.tn/fonts/flag-icon-css/flags/1x1/ie.svg]
[www.importili.tn/fonts/flag-icon-css/flags/4x3/il.svg]
[www.importili.tn/fonts/flag-icon-css/flags/1x1/il.svg]
[www.importili.tn/fonts/flag-icon-css/flags/4x3/im.svg]
[www.importili.tn/fonts/flag-icon-css/flags/1x1/im.svg]
[www.importili.tn/fonts/flag-icon-css/flags/4x3/in.svg]
[www.importili.tn/fonts/flag-icon-css/flags/1x1/in.svg]
[www.importili.tn/fonts/flag-icon-css/flags/4x3/io.svg]
[www.importili.tn/fonts/flag-icon-css/flags/1x1/io.svg]
[www.importili.tn/fonts/flag-icon-css/flags/4x3/iq.svg]
[www.importili.tn/fonts/flag-icon-css/flags/1x1/iq.svg]
[www.importili.tn/fonts/flag-icon-css/flags/4x3/ir.svg]
[www.importili.tn/fonts/flag-icon-css/flags/1x1/ir.svg]
[www.importili.tn/fonts/flag-icon-css/flags/4x3/is.svg]
[www.importili.tn/fonts/flag-icon-css/flags/1x1/is.svg]
[www.importili.tn/fonts/flag-icon-css/flags/4x3/it.svg]
[www.importili.tn/fonts/flag-icon-css/flags/1x1/it.svg]
[www.importili.tn/fonts/flag-icon-css/flags/4x3/je.svg]
[www.importili.tn/fonts/flag-icon-css/flags/1x1/je.svg]
[www.importili.tn/fonts/flag-icon-css/flags/4x3/jm.svg]
[www.importili.tn/fonts/flag-icon-css/flags/1x1/jm.svg]
[www.importili.tn/fonts/flag-icon-css/flags/4x3/jo.svg]
[www.importili.tn/fonts/flag-icon-css/flags/1x1/jo.svg]
[www.importili.tn/fonts/flag-icon-css/flags/4x3/jp.svg]
[www.importili.tn/fonts/flag-icon-css/flags/1x1/jp.svg]
[www.importili.tn/fonts/flag-icon-css/flags/4x3/ke.svg]
[www.importili.tn/fonts/flag-icon-css/flags/1x1/ke.svg]
[www.importili.tn/fonts/flag-icon-css/flags/4x3/kg.svg]
[www.importili.tn/fonts/flag-icon-css/flags/1x1/kg.svg]
[www.importili.tn/fonts/flag-icon-css/flags/4x3/kh.svg]
[www.importili.tn/fonts/flag-icon-css/flags/1x1/kh.svg]
[www.importili.tn/fonts/flag-icon-css/flags/4x3/ki.svg]
[www.importili.tn/fonts/flag-icon-css/flags/1x1/ki.svg]
[www.importili.tn/fonts/flag-icon-css/flags/4x3/km.svg]
[www.importili.tn/fonts/flag-icon-css/flags/1x1/km.svg]
[www.importili.tn/fonts/flag-icon-css/flags/4x3/kn.svg]
[www.importili.tn/fonts/flag-icon-css/flags/1x1/kn.svg]
[www.importili.tn/fonts/flag-icon-css/flags/4x3/kp.svg]
[www.importili.tn/fonts/flag-icon-css/flags/1x1/kp.svg]
[www.importili.tn/fonts/flag-icon-css/flags/4x3/kr.svg]
[www.importili.tn/fonts/flag-icon-css/flags/1x1/kr.svg]
[www.importili.tn/fonts/flag-icon-css/flags/4x3/kw.svg]
[www.importili.tn/fonts/flag-icon-css/flags/1x1/kw.svg]
[www.importili.tn/fonts/flag-icon-css/flags/4x3/ky.svg]
[www.importili.tn/fonts/flag-icon-css/flags/1x1/ky.svg]
[www.importili.tn/fonts/flag-icon-css/flags/4x3/kz.svg]
[www.importili.tn/fonts/flag-icon-css/flags/1x1/kz.svg]
[www.importili.tn/fonts/flag-icon-css/flags/4x3/la.svg]
[www.importili.tn/fonts/flag-icon-css/flags/1x1/la.svg]
[www.importili.tn/fonts/flag-icon-css/flags/4x3/lb.svg]
[www.importili.tn/fonts/flag-icon-css/flags/1x1/lb.svg]
[www.importili.tn/fonts/flag-icon-css/flags/4x3/lc.svg]
[www.importili.tn/fonts/flag-icon-css/flags/1x1/lc.svg]
[www.importili.tn/fonts/flag-icon-css/flags/4x3/li.svg]
[www.importili.tn/fonts/flag-icon-css/flags/1x1/li.svg]
[www.importili.tn/fonts/flag-icon-css/flags/4x3/lk.svg]
[www.importili.tn/fonts/flag-icon-css/flags/1x1/lk.svg]
[www.importili.tn/fonts/flag-icon-css/flags/4x3/lr.svg]
[www.importili.tn/fonts/flag-icon-css/flags/1x1/lr.svg]
[www.importili.tn/fonts/flag-icon-css/flags/4x3/ls.svg]
[www.importili.tn/fonts/flag-icon-css/flags/1x1/ls.svg]
[www.importili.tn/fonts/flag-icon-css/flags/4x3/lt.svg]
[www.importili.tn/fonts/flag-icon-css/flags/1x1/lt.svg]
[www.importili.tn/fonts/flag-icon-css/flags/4x3/lu.svg]
[www.importili.tn/fonts/flag-icon-css/flags/1x1/lu.svg]
[www.importili.tn/fonts/flag-icon-css/flags/4x3/lv.svg]
[www.importili.tn/fonts/flag-icon-css/flags/1x1/lv.svg]
[www.importili.tn/fonts/flag-icon-css/flags/4x3/ly.svg]
[www.importili.tn/fonts/flag-icon-css/flags/1x1/ly.svg]
[www.importili.tn/fonts/flag-icon-css/flags/4x3/ma.svg]
[www.importili.tn/fonts/flag-icon-css/flags/1x1/ma.svg]
[www.importili.tn/fonts/flag-icon-css/flags/4x3/mc.svg]
[www.importili.tn/fonts/flag-icon-css/flags/1x1/mc.svg]
[www.importili.tn/fonts/flag-icon-css/flags/4x3/md.svg]
[www.importili.tn/fonts/flag-icon-css/flags/1x1/md.svg]
[www.importili.tn/fonts/flag-icon-css/flags/4x3/me.svg]
[www.importili.tn/fonts/flag-icon-css/flags/1x1/me.svg]
[www.importili.tn/fonts/flag-icon-css/flags/4x3/mf.svg]
[www.importili.tn/fonts/flag-icon-css/flags/1x1/mf.svg]
[www.importili.tn/fonts/flag-icon-css/flags/4x3/mg.svg]
[www.importili.tn/fonts/flag-icon-css/flags/1x1/mg.svg]
[www.importili.tn/fonts/flag-icon-css/flags/4x3/mh.svg]
[www.importili.tn/fonts/flag-icon-css/flags/1x1/mh.svg]
[www.importili.tn/fonts/flag-icon-css/flags/4x3/mk.svg]
[www.importili.tn/fonts/flag-icon-css/flags/1x1/mk.svg]
[www.importili.tn/fonts/flag-icon-css/flags/4x3/ml.svg]
[www.importili.tn/fonts/flag-icon-css/flags/1x1/ml.svg]
[www.importili.tn/fonts/flag-icon-css/flags/4x3/mm.svg]
[www.importili.tn/fonts/flag-icon-css/flags/1x1/mm.svg]
[www.importili.tn/fonts/flag-icon-css/flags/4x3/mn.svg]
[www.importili.tn/fonts/flag-icon-css/flags/1x1/mn.svg]
[www.importili.tn/fonts/flag-icon-css/flags/4x3/mo.svg]
[www.importili.tn/fonts/flag-icon-css/flags/1x1/mo.svg]
[www.importili.tn/fonts/flag-icon-css/flags/4x3/mp.svg]
[www.importili.tn/fonts/flag-icon-css/flags/1x1/mp.svg]
[www.importili.tn/fonts/flag-icon-css/flags/4x3/mq.svg]
[www.importili.tn/fonts/flag-icon-css/flags/1x1/mq.svg]
[www.importili.tn/fonts/flag-icon-css/flags/4x3/mr.svg]
[www.importili.tn/fonts/flag-icon-css/flags/1x1/mr.svg]
[www.importili.tn/fonts/flag-icon-css/flags/4x3/ms.svg]
[www.importili.tn/fonts/flag-icon-css/flags/1x1/ms.svg]
[www.importili.tn/fonts/flag-icon-css/flags/4x3/mt.svg]
[www.importili.tn/fonts/flag-icon-css/flags/1x1/mt.svg]
[www.importili.tn/fonts/flag-icon-css/flags/4x3/mu.svg]
[www.importili.tn/fonts/flag-icon-css/flags/1x1/mu.svg]
[www.importili.tn/fonts/flag-icon-css/flags/4x3/mv.svg]
[www.importili.tn/fonts/flag-icon-css/flags/1x1/mv.svg]
[www.importili.tn/fonts/flag-icon-css/flags/4x3/mw.svg]
[www.importili.tn/fonts/flag-icon-css/flags/1x1/mw.svg]
[www.importili.tn/fonts/flag-icon-css/flags/4x3/mx.svg]
[www.importili.tn/fonts/flag-icon-css/flags/1x1/mx.svg]
[www.importili.tn/fonts/flag-icon-css/flags/4x3/my.svg]
[www.importili.tn/fonts/flag-icon-css/flags/1x1/my.svg]
[www.importili.tn/fonts/flag-icon-css/flags/4x3/mz.svg]
[www.importili.tn/fonts/flag-icon-css/flags/1x1/mz.svg]
[www.importili.tn/fonts/flag-icon-css/flags/4x3/na.svg]
[www.importili.tn/fonts/flag-icon-css/flags/1x1/na.svg]
[www.importili.tn/fonts/flag-icon-css/flags/4x3/nc.svg]
[www.importili.tn/fonts/flag-icon-css/flags/1x1/nc.svg]
[www.importili.tn/fonts/flag-icon-css/flags/4x3/ne.svg]
[www.importili.tn/fonts/flag-icon-css/flags/1x1/ne.svg]
[www.importili.tn/fonts/flag-icon-css/flags/4x3/nf.svg]
[www.importili.tn/fonts/flag-icon-css/flags/1x1/nf.svg]
[www.importili.tn/fonts/flag-icon-css/flags/4x3/ng.svg]
[www.importili.tn/fonts/flag-icon-css/flags/1x1/ng.svg]
[www.importili.tn/fonts/flag-icon-css/flags/4x3/ni.svg]
[www.importili.tn/fonts/flag-icon-css/flags/1x1/ni.svg]
[www.importili.tn/fonts/flag-icon-css/flags/4x3/nl.svg]
[www.importili.tn/fonts/flag-icon-css/flags/1x1/nl.svg]
[www.importili.tn/fonts/flag-icon-css/flags/4x3/no.svg]
[www.importili.tn/fonts/flag-icon-css/flags/1x1/no.svg]
[www.importili.tn/fonts/flag-icon-css/flags/4x3/np.svg]
[www.importili.tn/fonts/flag-icon-css/flags/1x1/np.svg]
[www.importili.tn/fonts/flag-icon-css/flags/4x3/nr.svg]
[www.importili.tn/fonts/flag-icon-css/flags/1x1/nr.svg]
[www.importili.tn/fonts/flag-icon-css/flags/4x3/nu.svg]
[www.importili.tn/fonts/flag-icon-css/flags/1x1/nu.svg]
[www.importili.tn/fonts/flag-icon-css/flags/4x3/nz.svg]
[www.importili.tn/fonts/flag-icon-css/flags/1x1/nz.svg]
[www.importili.tn/fonts/flag-icon-css/flags/4x3/om.svg]
[www.importili.tn/fonts/flag-icon-css/flags/1x1/om.svg]
[www.importili.tn/fonts/flag-icon-css/flags/4x3/pa.svg]
[www.importili.tn/fonts/flag-icon-css/flags/1x1/pa.svg]
[www.importili.tn/fonts/flag-icon-css/flags/4x3/pe.svg]
[www.importili.tn/fonts/flag-icon-css/flags/1x1/pe.svg]
[www.importili.tn/fonts/flag-icon-css/flags/4x3/pf.svg]
[www.importili.tn/fonts/flag-icon-css/flags/1x1/pf.svg]
[www.importili.tn/fonts/flag-icon-css/flags/4x3/pg.svg]
[www.importili.tn/fonts/flag-icon-css/flags/1x1/pg.svg]
[www.importili.tn/fonts/flag-icon-css/flags/4x3/ph.svg]
[www.importili.tn/fonts/flag-icon-css/flags/1x1/ph.svg]
[www.importili.tn/fonts/flag-icon-css/flags/4x3/pk.svg]
[www.importili.tn/fonts/flag-icon-css/flags/1x1/pk.svg]
[www.importili.tn/fonts/flag-icon-css/flags/4x3/pl.svg]
[www.importili.tn/fonts/flag-icon-css/flags/1x1/pl.svg]
[www.importili.tn/fonts/flag-icon-css/flags/4x3/pm.svg]
[www.importili.tn/fonts/flag-icon-css/flags/1x1/pm.svg]
[www.importili.tn/fonts/flag-icon-css/flags/4x3/pn.svg]
[www.importili.tn/fonts/flag-icon-css/flags/1x1/pn.svg]
[www.importili.tn/fonts/flag-icon-css/flags/4x3/pr.svg]
[www.importili.tn/fonts/flag-icon-css/flags/1x1/pr.svg]
[www.importili.tn/fonts/flag-icon-css/flags/4x3/ps.svg]
[www.importili.tn/fonts/flag-icon-css/flags/1x1/ps.svg]
[www.importili.tn/fonts/flag-icon-css/flags/4x3/pt.svg]
[www.importili.tn/fonts/flag-icon-css/flags/1x1/pt.svg]
[www.importili.tn/fonts/flag-icon-css/flags/4x3/pw.svg]
[www.importili.tn/fonts/flag-icon-css/flags/1x1/pw.svg]
[www.importili.tn/fonts/flag-icon-css/flags/4x3/py.svg]
[www.importili.tn/fonts/flag-icon-css/flags/1x1/py.svg]
[www.importili.tn/fonts/flag-icon-css/flags/4x3/qa.svg]
[www.importili.tn/fonts/flag-icon-css/flags/1x1/qa.svg]
[www.importili.tn/fonts/flag-icon-css/flags/4x3/re.svg]
[www.importili.tn/fonts/flag-icon-css/flags/1x1/re.svg]
[www.importili.tn/fonts/flag-icon-css/flags/4x3/ro.svg]
[www.importili.tn/fonts/flag-icon-css/flags/1x1/ro.svg]
[www.importili.tn/fonts/flag-icon-css/flags/4x3/rs.svg]
[www.importili.tn/fonts/flag-icon-css/flags/4x3/ru.svg]
[www.importili.tn/fonts/flag-icon-css/flags/1x1/ru.svg]
[www.importili.tn/fonts/flag-icon-css/flags/1x1/rs.svg]
[www.importili.tn/fonts/flag-icon-css/flags/4x3/rw.svg]
[www.importili.tn/fonts/flag-icon-css/flags/1x1/rw.svg]
[www.importili.tn/fonts/flag-icon-css/flags/4x3/sa.svg]
[www.importili.tn/fonts/flag-icon-css/flags/1x1/sa.svg]
[www.importili.tn/fonts/flag-icon-css/flags/4x3/sb.svg]
[www.importili.tn/fonts/flag-icon-css/flags/1x1/sb.svg]
[www.importili.tn/fonts/flag-icon-css/flags/4x3/sc.svg]
[www.importili.tn/fonts/flag-icon-css/flags/1x1/sc.svg]
[www.importili.tn/fonts/flag-icon-css/flags/4x3/sd.svg]
[www.importili.tn/fonts/flag-icon-css/flags/1x1/sd.svg]
[www.importili.tn/fonts/flag-icon-css/flags/4x3/se.svg]
[www.importili.tn/fonts/flag-icon-css/flags/1x1/se.svg]
[www.importili.tn/fonts/flag-icon-css/flags/4x3/sg.svg]
[www.importili.tn/fonts/flag-icon-css/flags/1x1/sg.svg]
[www.importili.tn/fonts/flag-icon-css/flags/4x3/sh.svg]
[www.importili.tn/fonts/flag-icon-css/flags/1x1/sh.svg]
[www.importili.tn/fonts/flag-icon-css/flags/4x3/si.svg]
[www.importili.tn/fonts/flag-icon-css/flags/1x1/si.svg]
[www.importili.tn/fonts/flag-icon-css/flags/4x3/sj.svg]
[www.importili.tn/fonts/flag-icon-css/flags/1x1/sj.svg]
[www.importili.tn/fonts/flag-icon-css/flags/4x3/sk.svg]
[www.importili.tn/fonts/flag-icon-css/flags/1x1/sk.svg]
[www.importili.tn/fonts/flag-icon-css/flags/4x3/sl.svg]
[www.importili.tn/fonts/flag-icon-css/flags/1x1/sl.svg]
[www.importili.tn/fonts/flag-icon-css/flags/4x3/sm.svg]
[www.importili.tn/fonts/flag-icon-css/flags/1x1/sm.svg]
[www.importili.tn/fonts/flag-icon-css/flags/4x3/sn.svg]
[www.importili.tn/fonts/flag-icon-css/flags/1x1/sn.svg]
[www.importili.tn/fonts/flag-icon-css/flags/4x3/so.svg]
[www.importili.tn/fonts/flag-icon-css/flags/1x1/so.svg]
[www.importili.tn/fonts/flag-icon-css/flags/4x3/sr.svg]
[www.importili.tn/fonts/flag-icon-css/flags/1x1/sr.svg]
[www.importili.tn/fonts/flag-icon-css/flags/4x3/ss.svg]
[www.importili.tn/fonts/flag-icon-css/flags/1x1/ss.svg]
[www.importili.tn/fonts/flag-icon-css/flags/4x3/st.svg]
[www.importili.tn/fonts/flag-icon-css/flags/1x1/st.svg]
[www.importili.tn/fonts/flag-icon-css/flags/4x3/sv.svg]
[www.importili.tn/fonts/flag-icon-css/flags/1x1/sv.svg]
[www.importili.tn/fonts/flag-icon-css/flags/4x3/sx.svg]
[www.importili.tn/fonts/flag-icon-css/flags/1x1/sx.svg]
[www.importili.tn/fonts/flag-icon-css/flags/4x3/sy.svg]
[www.importili.tn/fonts/flag-icon-css/flags/1x1/sy.svg]
[www.importili.tn/fonts/flag-icon-css/flags/4x3/sz.svg]
[www.importili.tn/fonts/flag-icon-css/flags/1x1/sz.svg]
[www.importili.tn/fonts/flag-icon-css/flags/4x3/tc.svg]
[www.importili.tn/fonts/flag-icon-css/flags/1x1/tc.svg]
[www.importili.tn/fonts/flag-icon-css/flags/4x3/td.svg]
[www.importili.tn/fonts/flag-icon-css/flags/1x1/td.svg]
[www.importili.tn/fonts/flag-icon-css/flags/4x3/tf.svg]
[www.importili.tn/fonts/flag-icon-css/flags/1x1/tf.svg]
[www.importili.tn/fonts/flag-icon-css/flags/4x3/tg.svg]
[www.importili.tn/fonts/flag-icon-css/flags/1x1/tg.svg]
[www.importili.tn/fonts/flag-icon-css/flags/4x3/th.svg]
[www.importili.tn/fonts/flag-icon-css/flags/1x1/th.svg]
[www.importili.tn/fonts/flag-icon-css/flags/4x3/tj.svg]
[www.importili.tn/fonts/flag-icon-css/flags/1x1/tj.svg]
[www.importili.tn/fonts/flag-icon-css/flags/4x3/tk.svg]
[www.importili.tn/fonts/flag-icon-css/flags/1x1/tk.svg]
[www.importili.tn/fonts/flag-icon-css/flags/4x3/tl.svg]
[www.importili.tn/fonts/flag-icon-css/flags/1x1/tl.svg]
[www.importili.tn/fonts/flag-icon-css/flags/4x3/tm.svg]
[www.importili.tn/fonts/flag-icon-css/flags/1x1/tm.svg]
[www.importili.tn/fonts/flag-icon-css/flags/4x3/tn.svg]
[www.importili.tn/fonts/flag-icon-css/flags/1x1/tn.svg]
[www.importili.tn/fonts/flag-icon-css/flags/4x3/to.svg]
[www.importili.tn/fonts/flag-icon-css/flags/1x1/to.svg]
[www.importili.tn/fonts/flag-icon-css/flags/4x3/tr.svg]
[www.importili.tn/fonts/flag-icon-css/flags/1x1/tr.svg]
[www.importili.tn/fonts/flag-icon-css/flags/4x3/tt.svg]
[www.importili.tn/fonts/flag-icon-css/flags/1x1/tt.svg]
[www.importili.tn/fonts/flag-icon-css/flags/4x3/tv.svg]
[www.importili.tn/fonts/flag-icon-css/flags/1x1/tv.svg]
[www.importili.tn/fonts/flag-icon-css/flags/4x3/tw.svg]
[www.importili.tn/fonts/flag-icon-css/flags/1x1/tw.svg]
[www.importili.tn/fonts/flag-icon-css/flags/4x3/tz.svg]
[www.importili.tn/fonts/flag-icon-css/flags/1x1/tz.svg]
[www.importili.tn/fonts/flag-icon-css/flags/4x3/ua.svg]
[www.importili.tn/fonts/flag-icon-css/flags/1x1/ua.svg]
[www.importili.tn/fonts/flag-icon-css/flags/4x3/ug.svg]
[www.importili.tn/fonts/flag-icon-css/flags/1x1/ug.svg]
[www.importili.tn/fonts/flag-icon-css/flags/4x3/um.svg]
[www.importili.tn/fonts/flag-icon-css/flags/1x1/um.svg]
[www.importili.tn/fonts/flag-icon-css/flags/4x3/us.svg]
[www.importili.tn/fonts/flag-icon-css/flags/1x1/us.svg]
[www.importili.tn/fonts/flag-icon-css/flags/4x3/uy.svg]
[www.importili.tn/fonts/flag-icon-css/flags/1x1/uy.svg]
[www.importili.tn/fonts/flag-icon-css/flags/4x3/uz.svg]
[www.importili.tn/fonts/flag-icon-css/flags/1x1/uz.svg]
[www.importili.tn/fonts/flag-icon-css/flags/4x3/va.svg]
[www.importili.tn/fonts/flag-icon-css/flags/1x1/va.svg]
[www.importili.tn/fonts/flag-icon-css/flags/4x3/vc.svg]
[www.importili.tn/fonts/flag-icon-css/flags/1x1/vc.svg]
[www.importili.tn/fonts/flag-icon-css/flags/4x3/ve.svg]
[www.importili.tn/fonts/flag-icon-css/flags/1x1/ve.svg]
[www.importili.tn/fonts/flag-icon-css/flags/4x3/vg.svg]
[www.importili.tn/fonts/flag-icon-css/flags/1x1/vg.svg]
[www.importili.tn/fonts/flag-icon-css/flags/4x3/vi.svg]
[www.importili.tn/fonts/flag-icon-css/flags/1x1/vi.svg]
[www.importili.tn/fonts/flag-icon-css/flags/4x3/vn.svg]
[www.importili.tn/fonts/flag-icon-css/flags/1x1/vn.svg]
[www.importili.tn/fonts/flag-icon-css/flags/4x3/vu.svg]
[www.importili.tn/fonts/flag-icon-css/flags/1x1/vu.svg]
[www.importili.tn/fonts/flag-icon-css/flags/4x3/wf.svg]
[www.importili.tn/fonts/flag-icon-css/flags/1x1/wf.svg]
[www.importili.tn/fonts/flag-icon-css/flags/4x3/ws.svg]
[www.importili.tn/fonts/flag-icon-css/flags/1x1/ws.svg]
[www.importili.tn/fonts/flag-icon-css/flags/4x3/ye.svg]
[www.importili.tn/fonts/flag-icon-css/flags/1x1/ye.svg]
[www.importili.tn/fonts/flag-icon-css/flags/4x3/yt.svg]
[www.importili.tn/fonts/flag-icon-css/flags/1x1/yt.svg]
[www.importili.tn/fonts/flag-icon-css/flags/4x3/za.svg]
[www.importili.tn/fonts/flag-icon-css/flags/1x1/za.svg]
[www.importili.tn/fonts/flag-icon-css/flags/4x3/zm.svg]
[www.importili.tn/fonts/flag-icon-css/flags/1x1/zm.svg]
[www.importili.tn/fonts/flag-icon-css/flags/4x3/zw.svg]
[www.importili.tn/fonts/flag-icon-css/flags/1x1/zw.svg]
[www.importili.tn/fonts/flag-icon-css/flags/4x3/eu.svg]
[www.importili.tn/fonts/flag-icon-css/flags/1x1/eu.svg]
[www.importili.tn/fonts/flag-icon-css/flags/4x3/gb-eng.svg]
[www.importili.tn/fonts/flag-icon-css/flags/1x1/gb-eng.svg]
[www.importili.tn/fonts/flag-icon-css/flags/4x3/gb-sct.svg]
[www.importili.tn/fonts/flag-icon-css/flags/1x1/gb-sct.svg]
[www.importili.tn/fonts/flag-icon-css/flags/4x3/gb-wls.svg]
[www.importili.tn/fonts/flag-icon-css/flags/1x1/gb-wls.svg]
[www.importili.tn/vendors/css/vendors.min.css]
[www.importili.tn/css/core.css]
[www.importili.tn/css/base/themes/dark-layout.css]
[www.importili.tn/css/base/themes/bordered-layout.css]
[www.importili.tn/css/base/themes/semi-dark-layout.css]
[www.importili.tn/css/base/core/menu/menu-types/vertical-menu.css]
[www.importili.tn/css/base/pages/authentication.css]
[www.importili.tn/css/overrides.css]
[www.importili.tn/css/style.css]
[www.importili.tn/forgot-password.html]
[www.importili.tn/fonts/flag-icon-css/flags/4x3/ad.svg]
[www.importili.tn/fonts/flag-icon-css/flags/1x1/ad.svg]
[www.importili.tn/fonts/flag-icon-css/flags/4x3/ae.svg]
[www.importili.tn/fonts/flag-icon-css/flags/1x1/ae.svg]
[www.importili.tn/fonts/flag-icon-css/flags/4x3/af.svg]
[www.importili.tn/fonts/flag-icon-css/flags/1x1/af.svg]
[www.importili.tn/fonts/flag-icon-css/flags/4x3/ag.svg]
[www.importili.tn/fonts/flag-icon-css/flags/1x1/ag.svg]
[www.importili.tn/fonts/flag-icon-css/flags/4x3/ai.svg]
[www.importili.tn/fonts/flag-icon-css/flags/1x1/ai.svg]
[www.importili.tn/fonts/flag-icon-css/flags/4x3/al.svg]
[www.importili.tn/fonts/flag-icon-css/flags/1x1/al.svg]
[www.importili.tn/fonts/flag-icon-css/flags/4x3/am.svg]
[www.importili.tn/fonts/flag-icon-css/flags/1x1/am.svg]
[www.importili.tn/fonts/flag-icon-css/flags/4x3/ao.svg]
[www.importili.tn/fonts/flag-icon-css/flags/1x1/ao.svg]
[www.importili.tn/fonts/flag-icon-css/flags/4x3/aq.svg]
[www.importili.tn/fonts/flag-icon-css/flags/1x1/aq.svg]
[www.importili.tn/fonts/flag-icon-css/flags/4x3/ar.svg]
[www.importili.tn/fonts/flag-icon-css/flags/1x1/ar.svg]
[www.importili.tn/fonts/flag-icon-css/flags/4x3/as.svg]
[www.importili.tn/fonts/flag-icon-css/flags/1x1/as.svg]
[www.importili.tn/fonts/flag-icon-css/flags/4x3/at.svg]
[www.importili.tn/fonts/flag-icon-css/flags/1x1/at.svg]
[www.importili.tn/fonts/flag-icon-css/flags/4x3/au.svg]
[www.importili.tn/fonts/flag-icon-css/flags/1x1/au.svg]
[www.importili.tn/fonts/flag-icon-css/flags/4x3/aw.svg]
[www.importili.tn/fonts/flag-icon-css/flags/1x1/aw.svg]
[www.importili.tn/fonts/flag-icon-css/flags/4x3/ax.svg]
[www.importili.tn/fonts/flag-icon-css/flags/1x1/ax.svg]
[www.importili.tn/fonts/flag-icon-css/flags/4x3/az.svg]
[www.importili.tn/fonts/flag-icon-css/flags/1x1/az.svg]
[www.importili.tn/fonts/flag-icon-css/flags/4x3/ba.svg]
[www.importili.tn/fonts/flag-icon-css/flags/1x1/ba.svg]
[www.importili.tn/fonts/flag-icon-css/flags/4x3/bb.svg]
[www.importili.tn/fonts/flag-icon-css/flags/1x1/bb.svg]
[www.importili.tn/fonts/flag-icon-css/flags/4x3/bd.svg]
[www.importili.tn/fonts/flag-icon-css/flags/1x1/bd.svg]
[www.importili.tn/fonts/flag-icon-css/flags/4x3/be.svg]
[www.importili.tn/fonts/flag-icon-css/flags/1x1/be.svg]
[www.importili.tn/fonts/flag-icon-css/flags/4x3/bf.svg]
[www.importili.tn/fonts/flag-icon-css/flags/1x1/bf.svg]
[www.importili.tn/fonts/flag-icon-css/flags/4x3/bg.svg]
[www.importili.tn/fonts/flag-icon-css/flags/1x1/bg.svg]
[www.importili.tn/fonts/flag-icon-css/flags/4x3/bh.svg]
[www.importili.tn/fonts/flag-icon-css/flags/1x1/bh.svg]
[www.importili.tn/fonts/flag-icon-css/flags/4x3/bi.svg]
[www.importili.tn/fonts/flag-icon-css/flags/1x1/bi.svg]
[www.importili.tn/fonts/flag-icon-css/flags/4x3/bj.svg]
[www.importili.tn/fonts/flag-icon-css/flags/1x1/bj.svg]
[www.importili.tn/fonts/flag-icon-css/flags/4x3/bl.svg]
[www.importili.tn/fonts/flag-icon-css/flags/1x1/bl.svg]
[www.importili.tn/fonts/flag-icon-css/flags/4x3/bm.svg]
[www.importili.tn/fonts/flag-icon-css/flags/1x1/bm.svg]
[www.importili.tn/fonts/flag-icon-css/flags/4x3/bn.svg]
[www.importili.tn/fonts/flag-icon-css/flags/1x1/bn.svg]
[www.importili.tn/fonts/flag-icon-css/flags/4x3/bo.svg]
[www.importili.tn/fonts/flag-icon-css/flags/1x1/bo.svg]
[www.importili.tn/fonts/flag-icon-css/flags/4x3/bq.svg]
[www.importili.tn/fonts/flag-icon-css/flags/1x1/bq.svg]
[www.importili.tn/fonts/flag-icon-css/flags/4x3/br.svg]
[www.importili.tn/fonts/flag-icon-css/flags/1x1/br.svg]
[www.importili.tn/fonts/flag-icon-css/flags/4x3/bs.svg]
[www.importili.tn/fonts/flag-icon-css/flags/1x1/bs.svg]
[www.importili.tn/fonts/flag-icon-css/flags/4x3/bt.svg]
[www.importili.tn/fonts/flag-icon-css/flags/1x1/bt.svg]
[www.importili.tn/fonts/flag-icon-css/flags/4x3/bv.svg]
[www.importili.tn/fonts/flag-icon-css/flags/1x1/bv.svg]
[www.importili.tn/fonts/flag-icon-css/flags/4x3/bw.svg]
[www.importili.tn/fonts/flag-icon-css/flags/1x1/bw.svg]
[www.importili.tn/fonts/flag-icon-css/flags/4x3/by.svg]
[www.importili.tn/fonts/flag-icon-css/flags/1x1/by.svg]
[www.importili.tn/fonts/flag-icon-css/flags/4x3/bz.svg]
[www.importili.tn/fonts/flag-icon-css/flags/1x1/bz.svg]
[www.importili.tn/fonts/flag-icon-css/flags/4x3/ca.svg]
[www.importili.tn/fonts/flag-icon-css/flags/1x1/ca.svg]
[www.importili.tn/fonts/flag-icon-css/flags/4x3/cc.svg]
[www.importili.tn/fonts/flag-icon-css/flags/1x1/cc.svg]
[www.importili.tn/fonts/flag-icon-css/flags/4x3/cd.svg]
[www.importili.tn/fonts/flag-icon-css/flags/1x1/cd.svg]
[www.importili.tn/fonts/flag-icon-css/flags/4x3/cf.svg]
[www.importili.tn/fonts/flag-icon-css/flags/1x1/cf.svg]
[www.importili.tn/fonts/flag-icon-css/flags/4x3/cg.svg]
[www.importili.tn/fonts/flag-icon-css/flags/1x1/cg.svg]
[www.importili.tn/fonts/flag-icon-css/flags/4x3/ch.svg]
[www.importili.tn/fonts/flag-icon-css/flags/1x1/ch.svg]
[www.importili.tn/fonts/flag-icon-css/flags/4x3/ci.svg]
[www.importili.tn/fonts/flag-icon-css/flags/1x1/ci.svg]
[www.importili.tn/fonts/flag-icon-css/flags/4x3/ck.svg]
[www.importili.tn/fonts/flag-icon-css/flags/1x1/ck.svg]
[www.importili.tn/fonts/flag-icon-css/flags/4x3/cl.svg]
[www.importili.tn/fonts/flag-icon-css/flags/1x1/cl.svg]
[www.importili.tn/fonts/flag-icon-css/flags/4x3/cm.svg]
[www.importili.tn/fonts/flag-icon-css/flags/1x1/cm.svg]
[www.importili.tn/fonts/flag-icon-css/flags/4x3/cn.svg]
[www.importili.tn/fonts/flag-icon-css/flags/1x1/cn.svg]
[www.importili.tn/fonts/flag-icon-css/flags/4x3/co.svg]
[www.importili.tn/fonts/flag-icon-css/flags/1x1/co.svg]
[www.importili.tn/fonts/flag-icon-css/flags/4x3/cr.svg]
[www.importili.tn/fonts/flag-icon-css/flags/1x1/cr.svg]
[www.importili.tn/fonts/flag-icon-css/flags/4x3/cu.svg]
[www.importili.tn/fonts/flag-icon-css/flags/1x1/cu.svg]
[www.importili.tn/fonts/flag-icon-css/flags/4x3/cv.svg]
[www.importili.tn/fonts/flag-icon-css/flags/1x1/cv.svg]
[www.importili.tn/fonts/flag-icon-css/flags/4x3/cw.svg]
[www.importili.tn/fonts/flag-icon-css/flags/1x1/cw.svg]
[www.importili.tn/fonts/flag-icon-css/flags/4x3/cx.svg]
[www.importili.tn/fonts/flag-icon-css/flags/1x1/cx.svg]
[www.importili.tn/fonts/flag-icon-css/flags/4x3/cy.svg]
[www.importili.tn/fonts/flag-icon-css/flags/1x1/cy.svg]
[www.importili.tn/fonts/flag-icon-css/flags/4x3/cz.svg]
[www.importili.tn/fonts/flag-icon-css/flags/1x1/cz.svg]
[www.importili.tn/fonts/flag-icon-css/flags/4x3/de.svg]
[www.importili.tn/fonts/flag-icon-css/flags/1x1/de.svg]
[www.importili.tn/fonts/flag-icon-css/flags/4x3/dj.svg]
[www.importili.tn/fonts/flag-icon-css/flags/1x1/dj.svg]
[www.importili.tn/fonts/flag-icon-css/flags/4x3/dk.svg]
[www.importili.tn/fonts/flag-icon-css/flags/1x1/dk.svg]
[www.importili.tn/fonts/flag-icon-css/flags/4x3/dm.svg]
[www.importili.tn/fonts/flag-icon-css/flags/1x1/dm.svg]
[www.importili.tn/fonts/flag-icon-css/flags/4x3/do.svg]
[www.importili.tn/fonts/flag-icon-css/flags/1x1/do.svg]
[www.importili.tn/fonts/flag-icon-css/flags/4x3/dz.svg]
[www.importili.tn/fonts/flag-icon-css/flags/1x1/dz.svg]
[www.importili.tn/fonts/flag-icon-css/flags/4x3/ec.svg]
[www.importili.tn/fonts/flag-icon-css/flags/1x1/ec.svg]
[www.importili.tn/fonts/flag-icon-css/flags/4x3/ee.svg]
[www.importili.tn/fonts/flag-icon-css/flags/1x1/ee.svg]
[www.importili.tn/fonts/flag-icon-css/flags/4x3/eg.svg]
[www.importili.tn/fonts/flag-icon-css/flags/1x1/eg.svg]
[www.importili.tn/fonts/flag-icon-css/flags/4x3/eh.svg]
[www.importili.tn/fonts/flag-icon-css/flags/1x1/eh.svg]
[www.importili.tn/fonts/flag-icon-css/flags/4x3/er.svg]
[www.importili.tn/fonts/flag-icon-css/flags/1x1/er.svg]
[www.importili.tn/fonts/flag-icon-css/flags/4x3/es.svg]
[www.importili.tn/fonts/flag-icon-css/flags/1x1/es.svg]
[www.importili.tn/fonts/flag-icon-css/flags/4x3/et.svg]
[www.importili.tn/fonts/flag-icon-css/flags/1x1/et.svg]
[www.importili.tn/fonts/flag-icon-css/flags/4x3/fi.svg]
[www.importili.tn/fonts/flag-icon-css/flags/1x1/fi.svg]
[www.importili.tn/fonts/flag-icon-css/flags/4x3/fj.svg]
[www.importili.tn/fonts/flag-icon-css/flags/1x1/fj.svg]
[www.importili.tn/fonts/flag-icon-css/flags/4x3/fk.svg]
[www.importili.tn/fonts/flag-icon-css/flags/1x1/fk.svg]
[www.importili.tn/fonts/flag-icon-css/flags/4x3/fm.svg]
[www.importili.tn/fonts/flag-icon-css/flags/1x1/fm.svg]
[www.importili.tn/fonts/flag-icon-css/flags/4x3/fo.svg]
[www.importili.tn/fonts/flag-icon-css/flags/1x1/fo.svg]
[www.importili.tn/fonts/flag-icon-css/flags/4x3/fr.svg]
[www.importili.tn/fonts/flag-icon-css/flags/1x1/fr.svg]
[www.importili.tn/fonts/flag-icon-css/flags/4x3/ga.svg]
[www.importili.tn/fonts/flag-icon-css/flags/1x1/ga.svg]
[www.importili.tn/fonts/flag-icon-css/flags/4x3/gb.svg]
[www.importili.tn/fonts/flag-icon-css/flags/1x1/gb.svg]
[www.importili.tn/fonts/flag-icon-css/flags/4x3/gd.svg]
[www.importili.tn/fonts/flag-icon-css/flags/1x1/gd.svg]
[www.importili.tn/fonts/flag-icon-css/flags/4x3/ge.svg]
[www.importili.tn/fonts/flag-icon-css/flags/1x1/ge.svg]
[www.importili.tn/fonts/flag-icon-css/flags/4x3/gf.svg]
[www.importili.tn/fonts/flag-icon-css/flags/1x1/gf.svg]
[www.importili.tn/fonts/flag-icon-css/flags/4x3/gg.svg]
[www.importili.tn/fonts/flag-icon-css/flags/1x1/gg.svg]
[www.importili.tn/fonts/flag-icon-css/flags/4x3/gh.svg]
[www.importili.tn/fonts/flag-icon-css/flags/1x1/gh.svg]
[www.importili.tn/fonts/flag-icon-css/flags/4x3/gi.svg]
[www.importili.tn/fonts/flag-icon-css/flags/1x1/gi.svg]
[www.importili.tn/fonts/flag-icon-css/flags/4x3/gl.svg]
[www.importili.tn/fonts/flag-icon-css/flags/1x1/gl.svg]
[www.importili.tn/fonts/flag-icon-css/flags/4x3/gm.svg]
[www.importili.tn/fonts/flag-icon-css/flags/1x1/gm.svg]
[www.importili.tn/fonts/flag-icon-css/flags/4x3/gn.svg]
[www.importili.tn/fonts/flag-icon-css/flags/1x1/gn.svg]
[www.importili.tn/fonts/flag-icon-css/flags/4x3/gp.svg]
[www.importili.tn/fonts/flag-icon-css/flags/1x1/gp.svg]
[www.importili.tn/fonts/flag-icon-css/flags/4x3/gq.svg]
[www.importili.tn/fonts/flag-icon-css/flags/1x1/gq.svg]
[www.importili.tn/fonts/flag-icon-css/flags/4x3/gr.svg]
[www.importili.tn/fonts/flag-icon-css/flags/1x1/gr.svg]
[www.importili.tn/fonts/flag-icon-css/flags/4x3/gs.svg]
[www.importili.tn/fonts/flag-icon-css/flags/1x1/gs.svg]
[www.importili.tn/fonts/flag-icon-css/flags/4x3/gt.svg]
[www.importili.tn/fonts/flag-icon-css/flags/1x1/gt.svg]
[www.importili.tn/fonts/flag-icon-css/flags/4x3/gu.svg]
[www.importili.tn/fonts/flag-icon-css/flags/1x1/gu.svg]
[www.importili.tn/fonts/flag-icon-css/flags/4x3/gw.svg]
[www.importili.tn/fonts/flag-icon-css/flags/1x1/gw.svg]
[www.importili.tn/fonts/flag-icon-css/flags/4x3/gy.svg]
[www.importili.tn/fonts/flag-icon-css/flags/1x1/gy.svg]
[www.importili.tn/fonts/flag-icon-css/flags/4x3/hk.svg]
[www.importili.tn/fonts/flag-icon-css/flags/1x1/hk.svg]
[www.importili.tn/fonts/flag-icon-css/flags/4x3/hm.svg]
[www.importili.tn/fonts/flag-icon-css/flags/1x1/hm.svg]
[www.importili.tn/fonts/flag-icon-css/flags/4x3/hn.svg]
[www.importili.tn/fonts/flag-icon-css/flags/1x1/hn.svg]
[www.importili.tn/fonts/flag-icon-css/flags/4x3/hr.svg]
[www.importili.tn/fonts/flag-icon-css/flags/1x1/hr.svg]
[www.importili.tn/fonts/flag-icon-css/flags/4x3/ht.svg]
[www.importili.tn/fonts/flag-icon-css/flags/1x1/ht.svg]
[www.importili.tn/fonts/flag-icon-css/flags/4x3/hu.svg]
[www.importili.tn/fonts/flag-icon-css/flags/1x1/hu.svg]
[www.importili.tn/fonts/flag-icon-css/flags/4x3/id.svg]
[www.importili.tn/fonts/flag-icon-css/flags/1x1/id.svg]
[www.importili.tn/fonts/flag-icon-css/flags/4x3/ie.svg]
[www.importili.tn/fonts/flag-icon-css/flags/1x1/ie.svg]
[www.importili.tn/fonts/flag-icon-css/flags/4x3/il.svg]
[www.importili.tn/fonts/flag-icon-css/flags/1x1/il.svg]
[www.importili.tn/fonts/flag-icon-css/flags/4x3/im.svg]
[www.importili.tn/fonts/flag-icon-css/flags/1x1/im.svg]
[www.importili.tn/fonts/flag-icon-css/flags/4x3/in.svg]
[www.importili.tn/fonts/flag-icon-css/flags/1x1/in.svg]
[www.importili.tn/fonts/flag-icon-css/flags/4x3/io.svg]
[www.importili.tn/fonts/flag-icon-css/flags/1x1/io.svg]
[www.importili.tn/fonts/flag-icon-css/flags/4x3/iq.svg]
[www.importili.tn/fonts/flag-icon-css/flags/1x1/iq.svg]
[www.importili.tn/fonts/flag-icon-css/flags/4x3/ir.svg]
[www.importili.tn/fonts/flag-icon-css/flags/1x1/ir.svg]
[www.importili.tn/fonts/flag-icon-css/flags/4x3/is.svg]
[www.importili.tn/fonts/flag-icon-css/flags/1x1/is.svg]
[www.importili.tn/fonts/flag-icon-css/flags/4x3/it.svg]
[www.importili.tn/fonts/flag-icon-css/flags/1x1/it.svg]
[www.importili.tn/fonts/flag-icon-css/flags/4x3/je.svg]
[www.importili.tn/fonts/flag-icon-css/flags/1x1/je.svg]
[www.importili.tn/fonts/flag-icon-css/flags/4x3/jm.svg]
[www.importili.tn/fonts/flag-icon-css/flags/1x1/jm.svg]
[www.importili.tn/fonts/flag-icon-css/flags/4x3/jo.svg]
[www.importili.tn/fonts/flag-icon-css/flags/1x1/jo.svg]
[www.importili.tn/fonts/flag-icon-css/flags/4x3/jp.svg]
[www.importili.tn/fonts/flag-icon-css/flags/1x1/jp.svg]
[www.importili.tn/fonts/flag-icon-css/flags/4x3/ke.svg]
[www.importili.tn/fonts/flag-icon-css/flags/1x1/ke.svg]
[www.importili.tn/fonts/flag-icon-css/flags/4x3/kg.svg]
[www.importili.tn/fonts/flag-icon-css/flags/1x1/kg.svg]
[www.importili.tn/fonts/flag-icon-css/flags/4x3/kh.svg]
[www.importili.tn/fonts/flag-icon-css/flags/1x1/kh.svg]
[www.importili.tn/fonts/flag-icon-css/flags/4x3/ki.svg]
[www.importili.tn/fonts/flag-icon-css/flags/1x1/ki.svg]
[www.importili.tn/fonts/flag-icon-css/flags/4x3/km.svg]
[www.importili.tn/fonts/flag-icon-css/flags/1x1/km.svg]
[www.importili.tn/fonts/flag-icon-css/flags/4x3/kn.svg]
[www.importili.tn/fonts/flag-icon-css/flags/1x1/kn.svg]
[www.importili.tn/fonts/flag-icon-css/flags/4x3/kp.svg]
[www.importili.tn/fonts/flag-icon-css/flags/1x1/kp.svg]
[www.importili.tn/fonts/flag-icon-css/flags/4x3/kr.svg]
[www.importili.tn/fonts/flag-icon-css/flags/1x1/kr.svg]
[www.importili.tn/fonts/flag-icon-css/flags/4x3/kw.svg]
[www.importili.tn/fonts/flag-icon-css/flags/1x1/kw.svg]
[www.importili.tn/fonts/flag-icon-css/flags/4x3/ky.svg]
[www.importili.tn/fonts/flag-icon-css/flags/1x1/ky.svg]
[www.importili.tn/fonts/flag-icon-css/flags/4x3/kz.svg]
[www.importili.tn/fonts/flag-icon-css/flags/1x1/kz.svg]
[www.importili.tn/fonts/flag-icon-css/flags/4x3/la.svg]
[www.importili.tn/fonts/flag-icon-css/flags/1x1/la.svg]
[www.importili.tn/fonts/flag-icon-css/flags/4x3/lb.svg]
[www.importili.tn/fonts/flag-icon-css/flags/1x1/lb.svg]
[www.importili.tn/fonts/flag-icon-css/flags/4x3/lc.svg]
[www.importili.tn/fonts/flag-icon-css/flags/1x1/lc.svg]
[www.importili.tn/fonts/flag-icon-css/flags/4x3/li.svg]
[www.importili.tn/fonts/flag-icon-css/flags/1x1/li.svg]
[www.importili.tn/fonts/flag-icon-css/flags/4x3/lk.svg]
[www.importili.tn/fonts/flag-icon-css/flags/1x1/lk.svg]
[www.importili.tn/fonts/flag-icon-css/flags/4x3/lr.svg]
[www.importili.tn/fonts/flag-icon-css/flags/1x1/lr.svg]
[www.importili.tn/fonts/flag-icon-css/flags/4x3/ls.svg]
[www.importili.tn/fonts/flag-icon-css/flags/1x1/ls.svg]
[www.importili.tn/fonts/flag-icon-css/flags/4x3/lt.svg]
[www.importili.tn/fonts/flag-icon-css/flags/1x1/lt.svg]
[www.importili.tn/fonts/flag-icon-css/flags/4x3/lu.svg]
[www.importili.tn/fonts/flag-icon-css/flags/1x1/lu.svg]
[www.importili.tn/fonts/flag-icon-css/flags/4x3/lv.svg]
[www.importili.tn/fonts/flag-icon-css/flags/1x1/lv.svg]
[www.importili.tn/fonts/flag-icon-css/flags/4x3/ly.svg]
[www.importili.tn/fonts/flag-icon-css/flags/1x1/ly.svg]
[www.importili.tn/fonts/flag-icon-css/flags/4x3/ma.svg]
[www.importili.tn/fonts/flag-icon-css/flags/1x1/ma.svg]
[www.importili.tn/fonts/flag-icon-css/flags/4x3/mc.svg]
[www.importili.tn/fonts/flag-icon-css/flags/1x1/mc.svg]
[www.importili.tn/fonts/flag-icon-css/flags/4x3/md.svg]
[www.importili.tn/fonts/flag-icon-css/flags/1x1/md.svg]
[www.importili.tn/fonts/flag-icon-css/flags/4x3/me.svg]
[www.importili.tn/fonts/flag-icon-css/flags/1x1/me.svg]
[www.importili.tn/fonts/flag-icon-css/flags/4x3/mf.svg]
[www.importili.tn/fonts/flag-icon-css/flags/1x1/mf.svg]
[www.importili.tn/fonts/flag-icon-css/flags/4x3/mg.svg]
[www.importili.tn/fonts/flag-icon-css/flags/1x1/mg.svg]
[www.importili.tn/fonts/flag-icon-css/flags/4x3/mh.svg]
[www.importili.tn/fonts/flag-icon-css/flags/1x1/mh.svg]
[www.importili.tn/fonts/flag-icon-css/flags/4x3/mk.svg]
[www.importili.tn/fonts/flag-icon-css/flags/1x1/mk.svg]
[www.importili.tn/fonts/flag-icon-css/flags/4x3/ml.svg]
[www.importili.tn/fonts/flag-icon-css/flags/1x1/ml.svg]
[www.importili.tn/fonts/flag-icon-css/flags/4x3/mm.svg]
[www.importili.tn/fonts/flag-icon-css/flags/1x1/mm.svg]
[www.importili.tn/fonts/flag-icon-css/flags/4x3/mn.svg]
[www.importili.tn/fonts/flag-icon-css/flags/1x1/mn.svg]
[www.importili.tn/fonts/flag-icon-css/flags/4x3/mo.svg]
[www.importili.tn/fonts/flag-icon-css/flags/1x1/mo.svg]
[www.importili.tn/fonts/flag-icon-css/flags/4x3/mp.svg]
[www.importili.tn/fonts/flag-icon-css/flags/1x1/mp.svg]
[www.importili.tn/fonts/flag-icon-css/flags/4x3/mq.svg]
[www.importili.tn/fonts/flag-icon-css/flags/1x1/mq.svg]
[www.importili.tn/fonts/flag-icon-css/flags/4x3/mr.svg]
[www.importili.tn/fonts/flag-icon-css/flags/1x1/mr.svg]
[www.importili.tn/fonts/flag-icon-css/flags/4x3/ms.svg]
[www.importili.tn/fonts/flag-icon-css/flags/1x1/ms.svg]
[www.importili.tn/fonts/flag-icon-css/flags/4x3/mt.svg]
[www.importili.tn/fonts/flag-icon-css/flags/1x1/mt.svg]
[www.importili.tn/fonts/flag-icon-css/flags/4x3/mu.svg]
[www.importili.tn/fonts/flag-icon-css/flags/1x1/mu.svg]
[www.importili.tn/fonts/flag-icon-css/flags/4x3/mv.svg]
[www.importili.tn/fonts/flag-icon-css/flags/1x1/mv.svg]
[www.importili.tn/fonts/flag-icon-css/flags/4x3/mw.svg]
[www.importili.tn/fonts/flag-icon-css/flags/1x1/mw.svg]
[www.importili.tn/fonts/flag-icon-css/flags/4x3/mx.svg]
[www.importili.tn/fonts/flag-icon-css/flags/1x1/mx.svg]
[www.importili.tn/fonts/flag-icon-css/flags/4x3/my.svg]
[www.importili.tn/fonts/flag-icon-css/flags/1x1/my.svg]
[www.importili.tn/fonts/flag-icon-css/flags/4x3/mz.svg]
[www.importili.tn/fonts/flag-icon-css/flags/1x1/mz.svg]
[www.importili.tn/fonts/flag-icon-css/flags/4x3/na.svg]
[www.importili.tn/fonts/flag-icon-css/flags/1x1/na.svg]
[www.importili.tn/fonts/flag-icon-css/flags/4x3/nc.svg]
[www.importili.tn/fonts/flag-icon-css/flags/1x1/nc.svg]
[www.importili.tn/fonts/flag-icon-css/flags/4x3/ne.svg]
[www.importili.tn/fonts/flag-icon-css/flags/1x1/ne.svg]
[www.importili.tn/fonts/flag-icon-css/flags/4x3/nf.svg]
[www.importili.tn/fonts/flag-icon-css/flags/1x1/nf.svg]
[www.importili.tn/fonts/flag-icon-css/flags/4x3/ng.svg]
[www.importili.tn/fonts/flag-icon-css/flags/1x1/ng.svg]
[www.importili.tn/fonts/flag-icon-css/flags/4x3/ni.svg]
[www.importili.tn/fonts/flag-icon-css/flags/1x1/ni.svg]
[www.importili.tn/fonts/flag-icon-css/flags/4x3/nl.svg]
[www.importili.tn/fonts/flag-icon-css/flags/1x1/nl.svg]
[www.importili.tn/fonts/flag-icon-css/flags/4x3/no.svg]
[www.importili.tn/fonts/flag-icon-css/flags/1x1/no.svg]
[www.importili.tn/fonts/flag-icon-css/flags/4x3/np.svg]
[www.importili.tn/fonts/flag-icon-css/flags/1x1/np.svg]
[www.importili.tn/fonts/flag-icon-css/flags/4x3/nr.svg]
[www.importili.tn/fonts/flag-icon-css/flags/1x1/nr.svg]
[www.importili.tn/fonts/flag-icon-css/flags/4x3/nu.svg]
[www.importili.tn/fonts/flag-icon-css/flags/1x1/nu.svg]
[www.importili.tn/fonts/flag-icon-css/flags/4x3/nz.svg]
[www.importili.tn/fonts/flag-icon-css/flags/1x1/nz.svg]
[www.importili.tn/fonts/flag-icon-css/flags/4x3/om.svg]
[www.importili.tn/fonts/flag-icon-css/flags/1x1/om.svg]
[www.importili.tn/fonts/flag-icon-css/flags/4x3/pa.svg]
[www.importili.tn/fonts/flag-icon-css/flags/1x1/pa.svg]
[www.importili.tn/fonts/flag-icon-css/flags/4x3/pe.svg]
[www.importili.tn/fonts/flag-icon-css/flags/1x1/pe.svg]
[www.importili.tn/fonts/flag-icon-css/flags/4x3/pf.svg]
[www.importili.tn/fonts/flag-icon-css/flags/1x1/pf.svg]
[www.importili.tn/fonts/flag-icon-css/flags/4x3/pg.svg]
[www.importili.tn/fonts/flag-icon-css/flags/1x1/pg.svg]
[www.importili.tn/fonts/flag-icon-css/flags/4x3/ph.svg]
[www.importili.tn/fonts/flag-icon-css/flags/1x1/ph.svg]
[www.importili.tn/fonts/flag-icon-css/flags/4x3/pk.svg]
[www.importili.tn/fonts/flag-icon-css/flags/1x1/pk.svg]
[www.importili.tn/fonts/flag-icon-css/flags/4x3/pl.svg]
[www.importili.tn/fonts/flag-icon-css/flags/1x1/pl.svg]
[www.importili.tn/fonts/flag-icon-css/flags/4x3/pm.svg]
[www.importili.tn/fonts/flag-icon-css/flags/1x1/pm.svg]
[www.importili.tn/fonts/flag-icon-css/flags/4x3/pn.svg]
[www.importili.tn/fonts/flag-icon-css/flags/1x1/pn.svg]
[www.importili.tn/fonts/flag-icon-css/flags/4x3/pr.svg]
[www.importili.tn/fonts/flag-icon-css/flags/1x1/pr.svg]
[www.importili.tn/fonts/flag-icon-css/flags/4x3/ps.svg]
[www.importili.tn/fonts/flag-icon-css/flags/1x1/ps.svg]
[www.importili.tn/fonts/flag-icon-css/flags/4x3/pt.svg]
[www.importili.tn/fonts/flag-icon-css/flags/1x1/pt.svg]
[www.importili.tn/fonts/flag-icon-css/flags/4x3/pw.svg]
[www.importili.tn/fonts/flag-icon-css/flags/1x1/pw.svg]
[www.importili.tn/fonts/flag-icon-css/flags/4x3/py.svg]
[www.importili.tn/fonts/flag-icon-css/flags/1x1/py.svg]
[www.importili.tn/fonts/flag-icon-css/flags/4x3/qa.svg]
[www.importili.tn/fonts/flag-icon-css/flags/1x1/qa.svg]
[www.importili.tn/fonts/flag-icon-css/flags/4x3/re.svg]
[www.importili.tn/fonts/flag-icon-css/flags/1x1/re.svg]
[www.importili.tn/fonts/flag-icon-css/flags/4x3/ro.svg]
[www.importili.tn/fonts/flag-icon-css/flags/1x1/ro.svg]
[www.importili.tn/fonts/flag-icon-css/flags/4x3/rs.svg]
[www.importili.tn/fonts/flag-icon-css/flags/1x1/rs.svg]
[www.importili.tn/fonts/flag-icon-css/flags/4x3/ru.svg]
[www.importili.tn/fonts/flag-icon-css/flags/1x1/ru.svg]
[www.importili.tn/fonts/flag-icon-css/flags/4x3/rw.svg]
[www.importili.tn/fonts/flag-icon-css/flags/1x1/rw.svg]
[www.importili.tn/fonts/flag-icon-css/flags/4x3/sa.svg]
[www.importili.tn/fonts/flag-icon-css/flags/1x1/sa.svg]
[www.importili.tn/fonts/flag-icon-css/flags/4x3/sb.svg]
[www.importili.tn/fonts/flag-icon-css/flags/1x1/sb.svg]
[www.importili.tn/fonts/flag-icon-css/flags/4x3/sc.svg]
[www.importili.tn/fonts/flag-icon-css/flags/1x1/sc.svg]
[www.importili.tn/fonts/flag-icon-css/flags/4x3/sd.svg]
[www.importili.tn/fonts/flag-icon-css/flags/1x1/sd.svg]
[www.importili.tn/fonts/flag-icon-css/flags/4x3/se.svg]
[www.importili.tn/fonts/flag-icon-css/flags/1x1/se.svg]
[www.importili.tn/fonts/flag-icon-css/flags/4x3/sg.svg]
[www.importili.tn/fonts/flag-icon-css/flags/1x1/sg.svg]
[www.importili.tn/fonts/flag-icon-css/flags/4x3/sh.svg]
[www.importili.tn/fonts/flag-icon-css/flags/1x1/sh.svg]
[www.importili.tn/fonts/flag-icon-css/flags/4x3/si.svg]
[www.importili.tn/fonts/flag-icon-css/flags/1x1/si.svg]
[www.importili.tn/fonts/flag-icon-css/flags/4x3/sj.svg]
[www.importili.tn/fonts/flag-icon-css/flags/1x1/sj.svg]
[www.importili.tn/fonts/flag-icon-css/flags/4x3/sk.svg]
[www.importili.tn/fonts/flag-icon-css/flags/1x1/sk.svg]
[www.importili.tn/fonts/flag-icon-css/flags/4x3/sl.svg]
[www.importili.tn/fonts/flag-icon-css/flags/1x1/sl.svg]
[www.importili.tn/fonts/flag-icon-css/flags/4x3/sm.svg]
[www.importili.tn/fonts/flag-icon-css/flags/1x1/sm.svg]
[www.importili.tn/fonts/flag-icon-css/flags/4x3/sn.svg]
[www.importili.tn/fonts/flag-icon-css/flags/1x1/sn.svg]
[www.importili.tn/fonts/flag-icon-css/flags/4x3/so.svg]
[www.importili.tn/fonts/flag-icon-css/flags/1x1/so.svg]
[www.importili.tn/fonts/flag-icon-css/flags/4x3/sr.svg]
[www.importili.tn/fonts/flag-icon-css/flags/1x1/sr.svg]
[www.importili.tn/fonts/flag-icon-css/flags/4x3/ss.svg]
[www.importili.tn/fonts/flag-icon-css/flags/1x1/ss.svg]
[www.importili.tn/fonts/flag-icon-css/flags/4x3/st.svg]
[www.importili.tn/fonts/flag-icon-css/flags/1x1/st.svg]
[www.importili.tn/fonts/flag-icon-css/flags/4x3/sv.svg]
[www.importili.tn/fonts/flag-icon-css/flags/1x1/sv.svg]
[www.importili.tn/fonts/flag-icon-css/flags/4x3/sx.svg]
[www.importili.tn/fonts/flag-icon-css/flags/1x1/sx.svg]
[www.importili.tn/fonts/flag-icon-css/flags/4x3/sy.svg]
[www.importili.tn/fonts/flag-icon-css/flags/1x1/sy.svg]
[www.importili.tn/fonts/flag-icon-css/flags/4x3/sz.svg]
[www.importili.tn/fonts/flag-icon-css/flags/1x1/sz.svg]
[www.importili.tn/fonts/flag-icon-css/flags/4x3/tc.svg]
[www.importili.tn/fonts/flag-icon-css/flags/1x1/tc.svg]
[www.importili.tn/fonts/flag-icon-css/flags/4x3/td.svg]
[www.importili.tn/fonts/flag-icon-css/flags/1x1/td.svg]
[www.importili.tn/fonts/flag-icon-css/flags/4x3/tf.svg]
[www.importili.tn/fonts/flag-icon-css/flags/1x1/tf.svg]
[www.importili.tn/fonts/flag-icon-css/flags/4x3/tg.svg]
[www.importili.tn/fonts/flag-icon-css/flags/1x1/tg.svg]
[www.importili.tn/fonts/flag-icon-css/flags/4x3/th.svg]
[www.importili.tn/fonts/flag-icon-css/flags/1x1/th.svg]
[www.importili.tn/fonts/flag-icon-css/flags/4x3/tj.svg]
[www.importili.tn/fonts/flag-icon-css/flags/1x1/tj.svg]
[www.importili.tn/fonts/flag-icon-css/flags/4x3/tk.svg]
[www.importili.tn/fonts/flag-icon-css/flags/1x1/tk.svg]
[www.importili.tn/fonts/flag-icon-css/flags/4x3/tl.svg]
[www.importili.tn/fonts/flag-icon-css/flags/1x1/tl.svg]
[www.importili.tn/fonts/flag-icon-css/flags/4x3/tm.svg]
[www.importili.tn/fonts/flag-icon-css/flags/1x1/tm.svg]
[www.importili.tn/fonts/flag-icon-css/flags/4x3/tn.svg]
[www.importili.tn/fonts/flag-icon-css/flags/1x1/tn.svg]
[www.importili.tn/fonts/flag-icon-css/flags/4x3/to.svg]
[www.importili.tn/fonts/flag-icon-css/flags/1x1/to.svg]
[www.importili.tn/fonts/flag-icon-css/flags/4x3/tr.svg]
[www.importili.tn/fonts/flag-icon-css/flags/1x1/tr.svg]
[www.importili.tn/fonts/flag-icon-css/flags/4x3/tt.svg]
[www.importili.tn/fonts/flag-icon-css/flags/1x1/tt.svg]
[www.importili.tn/fonts/flag-icon-css/flags/4x3/tv.svg]
[www.importili.tn/fonts/flag-icon-css/flags/1x1/tv.svg]
[www.importili.tn/fonts/flag-icon-css/flags/4x3/tw.svg]
[www.importili.tn/fonts/flag-icon-css/flags/1x1/tw.svg]
[www.importili.tn/fonts/flag-icon-css/flags/4x3/tz.svg]
[www.importili.tn/fonts/flag-icon-css/flags/1x1/tz.svg]
[www.importili.tn/fonts/flag-icon-css/flags/4x3/ua.svg]
[www.importili.tn/fonts/flag-icon-css/flags/1x1/ua.svg]
[www.importili.tn/fonts/flag-icon-css/flags/4x3/ug.svg]
[www.importili.tn/fonts/flag-icon-css/flags/1x1/ug.svg]
[www.importili.tn/fonts/flag-icon-css/flags/4x3/um.svg]
[www.importili.tn/fonts/flag-icon-css/flags/1x1/um.svg]
[www.importili.tn/fonts/flag-icon-css/flags/4x3/us.svg]
[www.importili.tn/fonts/flag-icon-css/flags/1x1/us.svg]
[www.importili.tn/fonts/flag-icon-css/flags/4x3/uy.svg]
[www.importili.tn/fonts/flag-icon-css/flags/1x1/uy.svg]
[www.importili.tn/fonts/flag-icon-css/flags/4x3/uz.svg]
[www.importili.tn/fonts/flag-icon-css/flags/1x1/uz.svg]
[www.importili.tn/fonts/flag-icon-css/flags/4x3/va.svg]
[www.importili.tn/fonts/flag-icon-css/flags/1x1/va.svg]
[www.importili.tn/fonts/flag-icon-css/flags/4x3/vc.svg]
[www.importili.tn/fonts/flag-icon-css/flags/1x1/vc.svg]
[www.importili.tn/fonts/flag-icon-css/flags/4x3/ve.svg]
[www.importili.tn/fonts/flag-icon-css/flags/1x1/ve.svg]
[www.importili.tn/fonts/flag-icon-css/flags/4x3/vg.svg]
[www.importili.tn/fonts/flag-icon-css/flags/1x1/vg.svg]
[www.importili.tn/fonts/flag-icon-css/flags/4x3/vi.svg]
[www.importili.tn/fonts/flag-icon-css/flags/1x1/vi.svg]
[www.importili.tn/fonts/flag-icon-css/flags/4x3/vn.svg]
[www.importili.tn/fonts/flag-icon-css/flags/1x1/vn.svg]
[www.importili.tn/fonts/flag-icon-css/flags/4x3/vu.svg]
[www.importili.tn/fonts/flag-icon-css/flags/1x1/vu.svg]
[www.importili.tn/fonts/flag-icon-css/flags/4x3/wf.svg]
[www.importili.tn/fonts/flag-icon-css/flags/1x1/wf.svg]
[www.importili.tn/fonts/flag-icon-css/flags/4x3/ws.svg]
[www.importili.tn/fonts/flag-icon-css/flags/1x1/ws.svg]
[www.importili.tn/fonts/flag-icon-css/flags/4x3/ye.svg]
[www.importili.tn/fonts/flag-icon-css/flags/1x1/ye.svg]
[www.importili.tn/fonts/flag-icon-css/flags/4x3/yt.svg]
[www.importili.tn/fonts/flag-icon-css/flags/1x1/yt.svg]
[www.importili.tn/fonts/flag-icon-css/flags/4x3/za.svg]
[www.importili.tn/fonts/flag-icon-css/flags/1x1/za.svg]
[www.importili.tn/fonts/flag-icon-css/flags/4x3/zm.svg]
[www.importili.tn/fonts/flag-icon-css/flags/1x1/zm.svg]
[www.importili.tn/fonts/flag-icon-css/flags/4x3/zw.svg]
[www.importili.tn/fonts/flag-icon-css/flags/1x1/zw.svg]
[www.importili.tn/fonts/flag-icon-css/flags/4x3/eu.svg]
[www.importili.tn/fonts/flag-icon-css/flags/1x1/eu.svg]
[www.importili.tn/fonts/flag-icon-css/flags/4x3/gb-eng.svg]
[www.importili.tn/fonts/flag-icon-css/flags/1x1/gb-eng.svg]
[www.importili.tn/fonts/flag-icon-css/flags/4x3/gb-sct.svg]
[www.importili.tn/fonts/flag-icon-css/flags/1x1/gb-sct.svg]
[www.importili.tn/fonts/flag-icon-css/flags/4x3/gb-wls.svg]
[www.importili.tn/fonts/flag-icon-css/flags/1x1/gb-wls.svg]
